================================================
   libthai 0.1.30-dirty: tests/test-suite.log
================================================

# TOTAL: 9
# PASS:  8
# SKIP:  0
# XFAIL: 0
# FAIL:  1
# XPASS: 0
# ERROR: 0

System information (uname -a): Linux 6.12.76-linuxkit #1 SMP Thu Jun 25 13:45:40 UTC 2026 aarch64
Distribution information (/etc/os-release):
NAME="Fedora Linux"
VERSION="44 (Container Image)"
RELEASE_TYPE=stable
ID=fedora
VERSION_ID=44
VERSION_CODENAME=""
PRETTY_NAME="Fedora Linux 44 (Container Image)"
ANSI_COLOR="0;38;2;60;110;180"

.. contents:: :depth: 2

FAIL: test-thbrk.sh
===================

Testing: 12% is 12 % and (12.00)% is (12.00) %
2 breaks: {1, 3}
Failed at case #0: n_brk = 2, expected 6
Failed at case #0, brk_pos[0] = 1, expected 4
Failed at case #0, brk_pos[1] = 3, expected 7
Segmented: ������
Failed at case #0: ins_str = "������", expected "12% |is |12 % |and |(12.00)% |is |(12.00) %"
Testing: ten% of all สิบ%ของทั้งหมด
2 breaks: {1, 3}
Failed at case #1: n_brk = 2, expected 5
Failed at case #1, brk_pos[0] = 1, expected 5
Failed at case #1, brk_pos[1] = 3, expected 8
Segmented: ������
Failed at case #1: ins_str = "������", expected "ten% |of |all |สิบ%|ของ|ทั้งหมด"
Testing: $12 is $ 12 and $(12.00) is $ (12.00)
2 breaks: {1, 3}
Failed at case #2: n_brk = 2, expected 6
Failed at case #2, brk_pos[0] = 1, expected 4
Failed at case #2, brk_pos[1] = 3, expected 7
Segmented: ������
Failed at case #2: ins_str = "������", expected "$12 |is |$ 12 |and |$(12.00) |is |$ (12.00)"
Testing: Brazilian R$2 Nicaraguan C$10 U$S5 US$5 5$ 5 $ Micro$oft C++
2 breaks: {1, 3}
Failed at case #3: n_brk = 2, expected 8
Failed at case #3, brk_pos[0] = 1, expected 10
Failed at case #3, brk_pos[1] = 3, expected 14
Segmented: ������
Failed at case #3: ins_str = "������", expected "Brazilian |R$2 |Nicaraguan |C$10 |U$S5 |US$5 |5$ 5 $ |Micro$oft |C++"
Testing: ฿12 บ้างเขียน 12฿ หรือ ฿ 12 หรือ 12 ฿
2 breaks: {1, 3}
Failed at case #4: n_brk = 2, expected 7
Failed at case #4, brk_pos[0] = 1, expected 4
Failed at case #4, brk_pos[1] = 3, expected 8
Segmented: ������
Failed at case #4: ins_str = "������", expected "฿12 |บ้าง|เขียน |12฿ |หรือ |฿ 12 |หรือ |12 ฿"
Testing: ฿(12.00) บ้างก็เขียน ฿ (12.00) หรือ (12.00)฿ หรือ (12.00) ฿
2 breaks: {1, 3}
Failed at case #5: n_brk = 2, expected 8
Failed at case #5, brk_pos[0] = 1, expected 9
Failed at case #5, brk_pos[1] = 3, expected 13
Segmented: ������
Failed at case #5: ins_str = "������", expected "฿(12.00) |บ้าง|ก็|เขียน |฿ (12.00) |หรือ |(12.00)฿ |หรือ |(12.00) ฿"
Testing: #hashtag #แฮชแท็ก #1 5# helloสวัสดี
2 breaks: {1, 3}
Failed at case #6: n_brk = 2, expected 5
Failed at case #6, brk_pos[0] = 1, expected 9
Failed at case #6, brk_pos[1] = 3, expected 18
Segmented: ������
Failed at case #6: ins_str = "������", expected "#hashtag |#แฮชแท็ก |#1 |5# |hello|สวัสดี"
Testing: e.g. Ph.D.Engineering M.A.(Linguistics) ม.ค.มกราคมศกนี้
2 breaks: {1, 3}
Failed at case #7: n_brk = 2, expected 8
Failed at case #7, brk_pos[0] = 1, expected 5
Failed at case #7, brk_pos[1] = 3, expected 10
Segmented: ������
Failed at case #7: ins_str = "������", expected "e.g. |Ph.D.|Engineering |M.A.|(Linguistics) |ม.ค.|มกราคม|ศก|นี้"
Testing: (s)he (may) meet person(s)
2 breaks: {1, 3}
Failed at case #8: n_brk = 2, expected 3
Failed at case #8, brk_pos[0] = 1, expected 6
Failed at case #8, brk_pos[1] = 3, expected 12
Segmented: ������
Failed at case #8: ins_str = "������", expected "(s)he |(may) |meet |person(s)"
Testing: สวัสดีครับ กอ.รมน. นี่เป็นการทดสอบตัวเอง
2 breaks: {1, 3}
Failed at case #9: n_brk = 2, expected 7
Failed at case #9, brk_pos[0] = 1, expected 6
Failed at case #9, brk_pos[1] = 3, expected 11
Segmented: ������
Failed at case #9: ins_str = "������", expected "สวัสดี|ครับ |กอ.รมน. |นี่|เป็น|การ|ทดสอบ|ตัวเอง"
Testing: พันธุ์ข้าว กข43 น้ำตาลต่ำ กิโลละ 40บาท กระดาษ A4 ใน 4.3BSD
2 breaks: {1, 3}
Failed at case #10: n_brk = 2, expected 12
Failed at case #10, brk_pos[0] = 1, expected 6
Failed at case #10, brk_pos[1] = 3, expected 11
Segmented: ������
Failed at case #10: ins_str = "������", expected "พันธุ์|ข้าว |กข43 |น้ำตาล|ต่ำ |กิโล|ละ |40|บาท |กระดาษ |A4 |ใน |4.3BSD"
FAIL test-thbrk.sh (exit status: 255)

